// Jest Snapshot v1, https://goo.gl/fbAQLP

exports[`Snackbar renders correctly 1`] = `null`;
